// Jest Snapshot v1, https://goo.gl/fbAQLP

exports[`ProjectPage component Rendering should render project page (done) 1`] = `
<React.Fragment>
  <Connect(DevelopmentServerPane)
    leftSideWidth={300}
  />
  <ForwardRef
    size={30}
  />
  <Connect(TaskRunnerPane)
    leftSideWidth={200}
  />
  <ForwardRef
    size={30}
  />
  <Connect(DependencyManagementPane) />
</React.Fragment>
`;

exports[`ProjectPage component Rendering should render project page (fail) 1`] = `
<ForwardRef>
  <ForwardRef>
    <ForwardRef />
  </ForwardRef>
  <ForwardRef>
    <strong>
      Oh no!
    </strong>
     Looks like your project dependencies are missing.
  </ForwardRef>
  <ForwardRef>
    This can happen if you've freshly cloned a project from GitHub. In order to run scripts in Guppy, you'll need to install them now.
  </ForwardRef>
  <ForwardRef
    size={30}
  />
  <ForwardRef>
    <FillButton
      colors={
        Array [
          "#00C853",
          "#69db0d",
        ]
      }
      onClick={[Function]}
      size="large"
      textColor="#FFF"
    >
      Install Dependencies
    </FillButton>
  </ForwardRef>
</ForwardRef>
`;

exports[`ProjectPage component Rendering should render project page (loading) 1`] = `
<MountAfter
  delay={100}
  reason="Don't show spinner if we're really fast."
>
  <ForwardRef>
    <Spinner
      size={50}
    />
  </ForwardRef>
</MountAfter>
`;

exports[`ProjectPage component should render header FlexRow 1`] = `
<styled.div>
  <PixelShifter
    reason="Align left edge of title with the modules on page"
    x={-2}
  >
    <Tooltip
      animateFill={true}
      animation="shift"
      arrow={false}
      arrowSize="regular"
      className=""
      delay={0}
      disabled={false}
      distance={10}
      duration={375}
      followCursor={false}
      hideDelay={0}
      hideDuration={375}
      hideOnClick={true}
      html={null}
      inertia={false}
      interactive={false}
      interactiveBorder={2}
      multiple={false}
      offset={0}
      onHidden={[Function]}
      onHide={[Function]}
      onRequestClose={[Function]}
      onShow={[Function]}
      onShown={[Function]}
      popperOptions={Object {}}
      position="bottom"
      size="regular"
      sticky={false}
      stickyDuration={200}
      style={Object {}}
      theme="dark"
      title="path/to/project"
      touchHold={false}
      trigger="mouseenter focus"
      unmountHTMLWhenHide={false}
    >
      <Heading
        size="xlarge"
        style={
          Object {
            "color": "#651fff",
          }
        }
      />
    </Tooltip>
  </PixelShifter>
  <Connect(SettingsButton) />
</styled.div>
`;
